src/config/db.ts(1,22): error TS2307: Cannot find module 'mongoose' or its corresponding type declarations.
src/config/db.ts(23,48): error TS2307: Cannot find module 'mongodb-memory-server' or its corresponding type declarations.
